******************************************************************************
                  MSP430 Linker PC v4.4.6                      
******************************************************************************
>> Linked Sun Feb 19 14:04:15 2017

OUTPUT FILE NAME:   <lcd4bit_drv.out>
ENTRY POINT SYMBOL: "_c_int00_noargs_noexit"  address: 0000c86c


MEMORY CONFIGURATION

         name            origin    length      used     unused   attr    fill
----------------------  --------  ---------  --------  --------  ----  --------
  SFR                   00000000   00000010  00000000  00000010  RWIX
  PERIPHERALS_8BIT      00000010   000000f0  00000000  000000f0  RWIX
  PERIPHERALS_16BIT     00000100   00000100  00000000  00000100  RWIX
  RAM                   00000200   00000200  00000069  00000197  RWIX
  INFOD                 00001000   00000040  00000000  00000040  RWIX
  INFOC                 00001040   00000040  00000000  00000040  RWIX
  INFOB                 00001080   00000040  00000000  00000040  RWIX
  INFOA                 000010c0   00000040  00000000  00000040  RWIX
  FLASH                 0000c000   00003fe0  000009a6  0000363a  RWIX
  INT00                 0000ffe0   00000002  00000002  00000000  RWIX
  INT01                 0000ffe2   00000002  00000000  00000002  RWIX
  INT02                 0000ffe4   00000002  00000002  00000000  RWIX
  INT03                 0000ffe6   00000002  00000002  00000000  RWIX
  INT04                 0000ffe8   00000002  00000000  00000002  RWIX
  INT05                 0000ffea   00000002  00000002  00000000  RWIX
  INT06                 0000ffec   00000002  00000002  00000000  RWIX
  INT07                 0000ffee   00000002  00000002  00000000  RWIX
  INT08                 0000fff0   00000002  00000002  00000000  RWIX
  INT09                 0000fff2   00000002  00000002  00000000  RWIX
  INT10                 0000fff4   00000002  00000002  00000000  RWIX
  INT11                 0000fff6   00000002  00000002  00000000  RWIX
  INT12                 0000fff8   00000002  00000002  00000000  RWIX
  INT13                 0000fffa   00000002  00000002  00000000  RWIX
  INT14                 0000fffc   00000002  00000002  00000000  RWIX
  RESET                 0000fffe   00000002  00000002  00000000  RWIX


SECTION ALLOCATION MAP

 output                                  attributes/
section   page    origin      length       input sections
--------  ----  ----------  ----------   ----------------
.data      0    00000200    00000011     UNINITIALIZED
                  00000200    00000011     main.obj (.data:hello)

.bss       0    00000212    00000008     UNINITIALIZED
                  00000212    00000002     (.common:ADC10GetData)
                  00000214    00000002     (.common:checTime)
                  00000216    00000002     (.common:statusCtrl)
                  00000218    00000001     (.common:buttonPress)
                  00000219    00000001     (.common:division)

.TI.persistent 
*          0    00000200    00000000     UNINITIALIZED

.stack     0    000003b0    00000050     UNINITIALIZED
                  000003b0    00000002     rts430_eabi.lib : boot.obj (.stack)
                  000003b2    0000004e     --HOLE--

.text      0    0000c000    00000958     
                  0000c000    00000120     adc10support.obj (.text:buttonCheckADC10)
                  0000c120    0000010e     lcdfuncset.obj (.text:delays)
                  0000c22e    000000ec     main.obj (.text:main)
                  0000c31a    000000dc     lcdfuncset.obj (.text:busScan)
                  0000c3f6    000000dc     lcdfuncset.obj (.text:iWrite)
                  0000c4d2    000000c2     rts430_eabi.lib : fs_mpy.obj (.text)
                  0000c594    00000068                     : fs_toi.obj (.text)
                  0000c5fc    00000064                     : copy_decompress_rle.obj (.text:__TI_decompress_rle_core)
                  0000c660    00000058                     : autoinit.obj (.text:_auto_init)
                  0000c6b8    00000058                     : div32u.obj (.text)
                  0000c710    0000003c     lcdfuncset.obj (.text:initLCD)
                  0000c74c    00000036     rts430_eabi.lib : fs_itof.obj (.text)
                  0000c782    00000036     lcdfuncset.obj (.text:sendData)
                  0000c7b8    00000034     lcdfuncset.obj (.text:initMSP430)
                  0000c7ec    0000002c     rts430_eabi.lib : asr16.obj (.text)
                  0000c818    0000002c                     : div16s.obj (.text)
                  0000c844    00000028     lcdfuncset.obj (.text:Timer_A0)
                  0000c86c    0000001a     rts430_eabi.lib : boot_special.obj (.text:_c_int00_noargs_noexit)
                  0000c886    00000016                     : div16u.obj (.text)
                  0000c89c    00000014                     : copy_zero_init.obj (.text:decompress:ZI:__TI_zero_init)
                  0000c8b0    00000012                     : copy_decompress_none.obj (.text:decompress:none:__TI_decompress_none)
                  0000c8c2    00000012     adc10support.obj (.text:initializeADC10)
                  0000c8d4    00000012     rts430_eabi.lib : memcpy.obj (.text:memcpy)
                  0000c8e6    00000010                     : epilog.obj (.text)
                  0000c8f6    0000000e                     : strlen.obj (.text:strlen)
                  0000c904    0000000c     lcdfuncset.obj (.text:dispControl)
                  0000c910    0000000c     lcdfuncset.obj (.text:functionSet)
                  0000c91c    0000000c     lcdfuncset.obj (.text:modeSet)
                  0000c928    0000000a     adc10support.obj (.text:buttonPress_ISR)
                  0000c932    0000000a     lcdfuncset.obj (.text:clearDisplay)
                  0000c93c    00000008     adc10support.obj (.text:ADC10_ISR)
                  0000c944    00000006     rts430_eabi.lib : isr_trap.obj (.text:_isr:__TI_ISR_TRAP)
                  0000c94a    00000006                     : copy_decompress_rle.obj (.text:decompress:rle24:__TI_decompress_rle24)
                  0000c950    00000004                     : pre_init.obj (.text:_system_pre_init)
                  0000c954    00000004                     : exit.obj (.text:abort)

.const     0    0000c958    00000026     
                  0000c958    00000012     main.obj (.const:.string)
                  0000c96a    0000000c     adc10support.obj (.const:.string)
                  0000c976    00000008     lcdfuncset.obj (.const:.string:$P$T0$1)

.cinit     0    0000c97e    00000028     
                  0000c97e    00000015     (.cinit..data.load) [load image]
                  0000c993    00000001     --HOLE-- [fill = 0]
                  0000c994    00000006     (__TI_handler_table)
                  0000c99a    00000004     (.cinit..bss.load) [load image, compression = zero_init]
                  0000c99e    00000008     (__TI_cinit_table)

.init_array 
*          0    0000c000    00000000     UNINITIALIZED

TRAPINT    0    0000ffe0    00000002     
                  0000ffe0    00000002     rts430_eabi.lib : int00.obj (.int00)

PORT1      0    0000ffe4    00000002     
                  0000ffe4    00000002     adc10support.obj (.int02)

PORT2      0    0000ffe6    00000002     
                  0000ffe6    00000002     rts430_eabi.lib : int03.obj (.int03)

ADC10      0    0000ffea    00000002     
                  0000ffea    00000002     adc10support.obj (.int05)

USCIAB0TX 
*          0    0000ffec    00000002     
                  0000ffec    00000002     rts430_eabi.lib : int06.obj (.int06)

USCIAB0RX 
*          0    0000ffee    00000002     
                  0000ffee    00000002     rts430_eabi.lib : int07.obj (.int07)

TIMER0_A1 
*          0    0000fff0    00000002     
                  0000fff0    00000002     rts430_eabi.lib : int08.obj (.int08)

TIMER0_A0 
*          0    0000fff2    00000002     
                  0000fff2    00000002     lcdfuncset.obj (.int09)

WDT        0    0000fff4    00000002     
                  0000fff4    00000002     rts430_eabi.lib : int10.obj (.int10)

COMPARATORA 
*          0    0000fff6    00000002     
                  0000fff6    00000002     rts430_eabi.lib : int11.obj (.int11)

TIMER1_A1 
*          0    0000fff8    00000002     
                  0000fff8    00000002     rts430_eabi.lib : int12.obj (.int12)

TIMER1_A0 
*          0    0000fffa    00000002     
                  0000fffa    00000002     rts430_eabi.lib : int13.obj (.int13)

NMI        0    0000fffc    00000002     
                  0000fffc    00000002     rts430_eabi.lib : int14.obj (.int14)

.reset     0    0000fffe    00000002     
                  0000fffe    00000002     rts430_eabi.lib : boot.obj (.reset)


LINKER GENERATED COPY TABLES

__TI_cinit_table @ 0000c99e records: 2, size/record: 4, table size: 8
	.data: load addr=0000c97e, load size=00000015 bytes, run addr=00000200, run size=00000011 bytes, compression=copy
	.bss: load addr=0000c99a, load size=00000004 bytes, run addr=00000212, run size=00000008 bytes, compression=zero_init


LINKER GENERATED HANDLER TABLE

__TI_handler_table @ 0000c994 records: 3, size/record: 2, table size: 6
	index: 0, handler: __TI_zero_init
	index: 1, handler: __TI_decompress_rle24
	index: 2, handler: __TI_decompress_none


GLOBAL SYMBOLS: SORTED ALPHABETICALLY BY Name 

address   name                    
-------   ----                    
0000004a  ADC10AE0                
000001b0  ADC10CTL0               
000001b2  ADC10CTL1               
00000048  ADC10DTC0               
00000049  ADC10DTC1               
00000212  ADC10GetData            
000001b4  ADC10MEM                
000001bc  ADC10SA                 
0000c93c  ADC10_ISR               
00000057  BCSCTL1                 
00000058  BCSCTL2                 
00000053  BCSCTL3                 
0000c954  C$$EXIT                 
00000059  CACTL1                  
0000005a  CACTL2                  
000010fb  CALBC1_12MHZ            
000010f9  CALBC1_16MHZ            
000010ff  CALBC1_1MHZ             
000010fd  CALBC1_8MHZ             
000010fa  CALDCO_12MHZ            
000010f8  CALDCO_16MHZ            
000010fe  CALDCO_1MHZ             
000010fc  CALDCO_8MHZ             
0000005b  CAPD                    
00000056  DCOCTL                  
00000128  FCTL1                   
0000012a  FCTL2                   
0000012c  FCTL3                   
00000000  IE1                     
00000001  IE2                     
00000002  IFG1                    
00000003  IFG2                    
00000022  P1DIR                   
00000025  P1IE                    
00000024  P1IES                   
00000023  P1IFG                   
00000020  P1IN                    
00000021  P1OUT                   
00000027  P1REN                   
00000026  P1SEL                   
00000041  P1SEL2                  
0000002a  P2DIR                   
0000002d  P2IE                    
0000002c  P2IES                   
0000002b  P2IFG                   
00000028  P2IN                    
00000029  P2OUT                   
0000002f  P2REN                   
0000002e  P2SEL                   
00000042  P2SEL2                  
0000001a  P3DIR                   
00000018  P3IN                    
00000019  P3OUT                   
00000010  P3REN                   
0000001b  P3SEL                   
00000043  P3SEL2                  
00000172  TA0CCR0                 
00000174  TA0CCR1                 
00000176  TA0CCR2                 
00000162  TA0CCTL0                
00000164  TA0CCTL1                
00000166  TA0CCTL2                
00000160  TA0CTL                  
0000012e  TA0IV                   
00000170  TA0R                    
00000192  TA1CCR0                 
00000194  TA1CCR1                 
00000196  TA1CCR2                 
00000182  TA1CCTL0                
00000184  TA1CCTL1                
00000186  TA1CCTL2                
00000180  TA1CTL                  
0000011e  TA1IV                   
00000190  TA1R                    
000010db  TLV_ADC10_1_LEN         
000010da  TLV_ADC10_1_TAG         
000010c0  TLV_CHECKSUM            
000010f7  TLV_DCO_30_LEN          
000010f6  TLV_DCO_30_TAG          
0000c844  Timer_A0                
0000005d  UCA0ABCTL               
00000062  UCA0BR0                 
00000063  UCA0BR1                 
00000060  UCA0CTL0                
00000061  UCA0CTL1                
0000005f  UCA0IRRCTL              
0000005e  UCA0IRTCTL              
00000064  UCA0MCTL                
00000066  UCA0RXBUF               
00000065  UCA0STAT                
00000067  UCA0TXBUF               
0000006a  UCB0BR0                 
0000006b  UCB0BR1                 
00000068  UCB0CTL0                
00000069  UCB0CTL1                
0000006c  UCB0I2CIE               
00000118  UCB0I2COA               
0000011a  UCB0I2CSA               
0000006e  UCB0RXBUF               
0000006d  UCB0STAT                
0000006f  UCB0TXBUF               
00000120  WDTCTL                  
00000400  __STACK_END             
00000050  __STACK_SIZE            
0000c99e  __TI_CINIT_Base         
0000c9a6  __TI_CINIT_Limit        
0000c994  __TI_Handler_Table_Base 
0000c99a  __TI_Handler_Table_Limit
UNDEFED   __TI_INITARRAY_Base     
UNDEFED   __TI_INITARRAY_Limit    
0000c944  __TI_ISR_TRAP           
0000c8b0  __TI_decompress_none    
0000c94a  __TI_decompress_rle24   
0000ffe0  __TI_int00              
0000ffe4  __TI_int02              
0000ffe6  __TI_int03              
0000ffea  __TI_int05              
0000ffec  __TI_int06              
0000ffee  __TI_int07              
0000fff0  __TI_int08              
0000fff2  __TI_int09              
0000fff4  __TI_int10              
0000fff6  __TI_int11              
0000fff8  __TI_int12              
0000fffa  __TI_int13              
0000fffc  __TI_int14              
0000c89c  __TI_zero_init          
ffffffff  __binit__               
ffffffff  __c_args__              
0000c818  __mspabi_divi           
0000c886  __mspabi_divu           
0000c6b8  __mspabi_divul          
0000c594  __mspabi_fixfi          
0000c74c  __mspabi_fltif          
0000c8f2  __mspabi_func_epilog_1  
0000c8f0  __mspabi_func_epilog_2  
0000c8ee  __mspabi_func_epilog_3  
0000c8ec  __mspabi_func_epilog_4  
0000c8ea  __mspabi_func_epilog_5  
0000c8e8  __mspabi_func_epilog_6  
0000c8e6  __mspabi_func_epilog_7  
0000c4d2  __mspabi_mpyf           
0000c818  __mspabi_remi           
0000c886  __mspabi_remu           
0000c6b8  __mspabi_remul          
0000c7ec  __mspabi_srai           
0000c814  __mspabi_srai_1         
0000c802  __mspabi_srai_10        
0000c800  __mspabi_srai_11        
0000c7fe  __mspabi_srai_12        
0000c7fc  __mspabi_srai_13        
0000c7fa  __mspabi_srai_14        
0000c7f8  __mspabi_srai_15        
0000c812  __mspabi_srai_2         
0000c810  __mspabi_srai_3         
0000c80e  __mspabi_srai_4         
0000c80c  __mspabi_srai_5         
0000c80a  __mspabi_srai_6         
0000c808  __mspabi_srai_7         
0000c806  __mspabi_srai_8         
0000c804  __mspabi_srai_9         
0000c660  _auto_init              
0000c86c  _c_int00_noargs_noexit  
0000fffe  _reset_vector           
000003b0  _stack                  
0000c950  _system_pre_init        
0000c954  abort                   
ffffffff  binit                   
0000c31a  busScan                 
0000c000  buttonCheckADC10        
00000218  buttonPress             
0000c928  buttonPress_ISR         
00000214  checTime                
0000c932  clearDisplay            
0000c120  delays                  
0000c904  dispControl             
00000219  division                
0000c910  functionSet             
00000200  hello                   
0000c3f6  iWrite                  
0000c710  initLCD                 
0000c7b8  initMSP430              
0000c8c2  initializeADC10         
0000c22e  main                    
0000c8d4  memcpy                  
0000c91c  modeSet                 
0000c782  sendData                
00000216  statusCtrl              
0000c8f6  strlen                  


GLOBAL SYMBOLS: SORTED BY Symbol Address 

address   name                    
-------   ----                    
00000000  IE1                     
00000001  IE2                     
00000002  IFG1                    
00000003  IFG2                    
00000010  P3REN                   
00000018  P3IN                    
00000019  P3OUT                   
0000001a  P3DIR                   
0000001b  P3SEL                   
00000020  P1IN                    
00000021  P1OUT                   
00000022  P1DIR                   
00000023  P1IFG                   
00000024  P1IES                   
00000025  P1IE                    
00000026  P1SEL                   
00000027  P1REN                   
00000028  P2IN                    
00000029  P2OUT                   
0000002a  P2DIR                   
0000002b  P2IFG                   
0000002c  P2IES                   
0000002d  P2IE                    
0000002e  P2SEL                   
0000002f  P2REN                   
00000041  P1SEL2                  
00000042  P2SEL2                  
00000043  P3SEL2                  
00000048  ADC10DTC0               
00000049  ADC10DTC1               
0000004a  ADC10AE0                
00000050  __STACK_SIZE            
00000053  BCSCTL3                 
00000056  DCOCTL                  
00000057  BCSCTL1                 
00000058  BCSCTL2                 
00000059  CACTL1                  
0000005a  CACTL2                  
0000005b  CAPD                    
0000005d  UCA0ABCTL               
0000005e  UCA0IRTCTL              
0000005f  UCA0IRRCTL              
00000060  UCA0CTL0                
00000061  UCA0CTL1                
00000062  UCA0BR0                 
00000063  UCA0BR1                 
00000064  UCA0MCTL                
00000065  UCA0STAT                
00000066  UCA0RXBUF               
00000067  UCA0TXBUF               
00000068  UCB0CTL0                
00000069  UCB0CTL1                
0000006a  UCB0BR0                 
0000006b  UCB0BR1                 
0000006c  UCB0I2CIE               
0000006d  UCB0STAT                
0000006e  UCB0RXBUF               
0000006f  UCB0TXBUF               
00000118  UCB0I2COA               
0000011a  UCB0I2CSA               
0000011e  TA1IV                   
00000120  WDTCTL                  
00000128  FCTL1                   
0000012a  FCTL2                   
0000012c  FCTL3                   
0000012e  TA0IV                   
00000160  TA0CTL                  
00000162  TA0CCTL0                
00000164  TA0CCTL1                
00000166  TA0CCTL2                
00000170  TA0R                    
00000172  TA0CCR0                 
00000174  TA0CCR1                 
00000176  TA0CCR2                 
00000180  TA1CTL                  
00000182  TA1CCTL0                
00000184  TA1CCTL1                
00000186  TA1CCTL2                
00000190  TA1R                    
00000192  TA1CCR0                 
00000194  TA1CCR1                 
00000196  TA1CCR2                 
000001b0  ADC10CTL0               
000001b2  ADC10CTL1               
000001b4  ADC10MEM                
000001bc  ADC10SA                 
00000200  hello                   
00000212  ADC10GetData            
00000214  checTime                
00000216  statusCtrl              
00000218  buttonPress             
00000219  division                
000003b0  _stack                  
00000400  __STACK_END             
000010c0  TLV_CHECKSUM            
000010da  TLV_ADC10_1_TAG         
000010db  TLV_ADC10_1_LEN         
000010f6  TLV_DCO_30_TAG          
000010f7  TLV_DCO_30_LEN          
000010f8  CALDCO_16MHZ            
000010f9  CALBC1_16MHZ            
000010fa  CALDCO_12MHZ            
000010fb  CALBC1_12MHZ            
000010fc  CALDCO_8MHZ             
000010fd  CALBC1_8MHZ             
000010fe  CALDCO_1MHZ             
000010ff  CALBC1_1MHZ             
0000c000  buttonCheckADC10        
0000c120  delays                  
0000c22e  main                    
0000c31a  busScan                 
0000c3f6  iWrite                  
0000c4d2  __mspabi_mpyf           
0000c594  __mspabi_fixfi          
0000c660  _auto_init              
0000c6b8  __mspabi_divul          
0000c6b8  __mspabi_remul          
0000c710  initLCD                 
0000c74c  __mspabi_fltif          
0000c782  sendData                
0000c7b8  initMSP430              
0000c7ec  __mspabi_srai           
0000c7f8  __mspabi_srai_15        
0000c7fa  __mspabi_srai_14        
0000c7fc  __mspabi_srai_13        
0000c7fe  __mspabi_srai_12        
0000c800  __mspabi_srai_11        
0000c802  __mspabi_srai_10        
0000c804  __mspabi_srai_9         
0000c806  __mspabi_srai_8         
0000c808  __mspabi_srai_7         
0000c80a  __mspabi_srai_6         
0000c80c  __mspabi_srai_5         
0000c80e  __mspabi_srai_4         
0000c810  __mspabi_srai_3         
0000c812  __mspabi_srai_2         
0000c814  __mspabi_srai_1         
0000c818  __mspabi_divi           
0000c818  __mspabi_remi           
0000c844  Timer_A0                
0000c86c  _c_int00_noargs_noexit  
0000c886  __mspabi_divu           
0000c886  __mspabi_remu           
0000c89c  __TI_zero_init          
0000c8b0  __TI_decompress_none    
0000c8c2  initializeADC10         
0000c8d4  memcpy                  
0000c8e6  __mspabi_func_epilog_7  
0000c8e8  __mspabi_func_epilog_6  
0000c8ea  __mspabi_func_epilog_5  
0000c8ec  __mspabi_func_epilog_4  
0000c8ee  __mspabi_func_epilog_3  
0000c8f0  __mspabi_func_epilog_2  
0000c8f2  __mspabi_func_epilog_1  
0000c8f6  strlen                  
0000c904  dispControl             
0000c910  functionSet             
0000c91c  modeSet                 
0000c928  buttonPress_ISR         
0000c932  clearDisplay            
0000c93c  ADC10_ISR               
0000c944  __TI_ISR_TRAP           
0000c94a  __TI_decompress_rle24   
0000c950  _system_pre_init        
0000c954  C$$EXIT                 
0000c954  abort                   
0000c994  __TI_Handler_Table_Base 
0000c99a  __TI_Handler_Table_Limit
0000c99e  __TI_CINIT_Base         
0000c9a6  __TI_CINIT_Limit        
0000ffe0  __TI_int00              
0000ffe4  __TI_int02              
0000ffe6  __TI_int03              
0000ffea  __TI_int05              
0000ffec  __TI_int06              
0000ffee  __TI_int07              
0000fff0  __TI_int08              
0000fff2  __TI_int09              
0000fff4  __TI_int10              
0000fff6  __TI_int11              
0000fff8  __TI_int12              
0000fffa  __TI_int13              
0000fffc  __TI_int14              
0000fffe  _reset_vector           
ffffffff  __binit__               
ffffffff  __c_args__              
ffffffff  binit                   
UNDEFED   __TI_INITARRAY_Base     
UNDEFED   __TI_INITARRAY_Limit    

[189 symbols]
